                              
 ╭────────────╮               
 │Main content│  ┏━━━━━━━━━┓  
 ╰────────────╯  ┃         ┃  
                 ┃ [38;2;0;170;170;1mOverlay[m ┃  
  ┌──────────────┃─────────┃  
  │Flexible growi┗━━━━━━━━━┛  
  │                        │  
  │                        │  
  │                        │  
  │                        │  
  │                        │  
  │                        │  
  │                        │  
  │                        │  
  │                        │  
  └────────────────────────┘  
                              
 Footer                       
                              