╭───────────────────────────────────╮ ┌────────────────┐                   
│                                   │ │                │                   
│             [1mCentered[m              │ │                │                   
│                                   │ │         [3mRight[m  │                   
╰───────────────────────────────────╯ │                │                   
                                      │                │                   
                                      └────────────────┘                   