╭──────────────────────────────────────╮
│Background                            │
│    [1mAt (5,2)[m                          │
│                                      │
│                                      │
│                   [1mAt (20,5)[m          │
│                                      │
│                                      │
│                                      │
╰──────────────────────────────────────╯