Line 6                                                                         ░
Line 7                                                                         ░
Line 8                                                                         █
Line 9                                                                         █
Line 10                                                                        █
Line 11                                                                        █
Line 12                                                                        █
Line 13                                                                        ░
Line 14                                                                        ░
Line 15                                                                        ░