╭──────────────────────────────────────╮
│[1mTL[min Content                        [1mTR[m│
│                                      │
│                                      │
│                                      │
│                                      │
│                                      │
│                                      │
│                                      │
│                                      │
│[1mBL[m                                  [1mBR[m│
╰──────────────────────────────────────╯