[38;2;0;170;170;1m╔═════╗[m                                                                         
[38;2;0;170;170;1m║[38;2;170;85;0mTitle[38;2;0;170;170m║[m                                                                         
[38;2;0;170;170;1m╚═════╝[m                                                                         
                                                                                
╭────────────────────────────╮  ╭────────────╮                                  
│Left                        │  │Right       │                                  
╰────────────────────────────╯  ╰────────────╯                                  
                                                                                
[38;2;85;85;85m────────────────────────────────────────────────────────────────────────────────[m
                                                                                
[38;2;0;170;0mFooter[m                                                                          