╭──────────────────────────────────────────────────────────────────────────────╮
│[1mTitle[m                                                                         │
│──────────────────────────────────────────────────────────────────────────────│
│Content                                                                       │
╰──────────────────────────────────────────────────────────────────────────────╯